> Task :app:preBuild UP-TO-DATE
> Task :app:preDebugBuild UP-TO-DATE
> Task :app:mergeDebugNativeDebugMetadata NO-SOURCE
> Task :app:checkKotlinGradlePluginConfigurationErrors SKIPPED
> Task :app:checkDebugAarMetadata UP-TO-DATE
> Task :app:processDebugNavigationResources UP-TO-DATE
> Task :app:compileDebugNavigationResources UP-TO-DATE
> Task :app:generateDebugResValues UP-TO-DATE
> Task :app:mapDebugSourceSetPaths UP-TO-DATE
> Task :app:generateDebugResources UP-TO-DATE
> Task :app:mergeDebugResources UP-TO-DATE
> Task :app:packageDebugResources UP-TO-DATE
> Task :app:parseDebugLocalResources UP-TO-DATE
> Task :app:createDebugCompatibleScreenManifests UP-TO-DATE
> Task :app:extractDeepLinksDebug UP-TO-DATE
> Task :app:processDebugMainManifest UP-TO-DATE
> Task :app:processDebugManifest UP-TO-DATE
> Task :app:processDebugManifestForPackage UP-TO-DATE
> Task :app:processDebugResources UP-TO-DATE
> Task :app:kspDebugKotlin UP-TO-DATE
> Task :app:javaPreCompileDebug UP-TO-DATE
> Task :app:mergeDebugShaders UP-TO-DATE
> Task :app:compileDebugShaders NO-SOURCE
> Task :app:generateDebugAssets UP-TO-DATE
> Task :app:mergeDebugAssets UP-TO-DATE
> Task :app:compressDebugAssets UP-TO-DATE
> Task :app:checkDebugDuplicateClasses UP-TO-DATE
> Task :app:desugarDebugFileDependencies UP-TO-DATE
> Task :app:mergeExtDexDebug UP-TO-DATE
> Task :app:mergeLibDexDebug UP-TO-DATE
> Task :app:mergeDebugJniLibFolders UP-TO-DATE
> Task :app:mergeDebugNativeLibs UP-TO-DATE
> Task :app:stripDebugDebugSymbols UP-TO-DATE
> Task :app:validateSigningDebug UP-TO-DATE
> Task :app:writeDebugAppMetadata UP-TO-DATE
> Task :app:writeDebugSigningConfigVersions UP-TO-DATE

> Task :app:compileDebugKotlin FAILED
e: file:///E:/OpoMelilla_2025/App_Futbol/app/app/src/main/java/com/opomelilla/futbol/MainActivity.kt:26:53 Unresolved reference 'composable'.
e: file:///E:/OpoMelilla_2025/App_Futbol/app/app/src/main/java/com/opomelilla/futbol/MainActivity.kt:27:29 @Composable invocations can only happen from the context of a @Composable function
e: file:///E:/OpoMelilla_2025/App_Futbol/app/app/src/main/java/com/opomelilla/futbol/MainActivity.kt:36:53 Unresolved reference 'composable'.
e: file:///E:/OpoMelilla_2025/App_Futbol/app/app/src/main/java/com/opomelilla/futbol/MainActivity.kt:37:61 @Composable invocations can only happen from the context of a @Composable function
e: file:///E:/OpoMelilla_2025/App_Futbol/app/app/src/main/java/com/opomelilla/futbol/data/remote/ApiService.kt:9:48 Unresolved reference 'HealthResponse'.
e: file:///E:/OpoMelilla_2025/App_Futbol/app/app/src/main/java/com/opomelilla/futbol/data/remote/ApiService.kt:14:32 Unresolved reference 'HealthResponse'.
e: file:///E:/OpoMelilla_2025/App_Futbol/app/app/src/main/java/com/opomelilla/futbol/ui/events/EventsScreen.kt:155:17 None of the following candidates is applicable:
fun Text(text: AnnotatedString, modifier: Modifier = ..., color: Color = ..., fontSize: TextUnit = ..., fontStyle: FontStyle? = ..., fontWeight: FontWeight? = ..., fontFamily: FontFamily? = ..., letterSpacing: TextUnit = ..., textDecoration: TextDecoration? = ..., textAlign: TextAlign? = ..., lineHeight: TextUnit = ..., overflow: TextOverflow = ..., softWrap: Boolean = ..., maxLines: Int = ..., minLines: Int = ..., inlineContent: Map<String, InlineTextContent> = ..., onTextLayout: (TextLayoutResult) -> Unit = ..., style: TextStyle = ...): Unit
fun Text(text: String, modifier: Modifier = ..., color: Color = ..., fontSize: TextUnit = ..., fontStyle: FontStyle? = ..., fontWeight: FontWeight? = ..., fontFamily: FontFamily? = ..., letterSpacing: TextUnit = ..., textDecoration: TextDecoration? = ..., textAlign: TextAlign? = ..., lineHeight: TextUnit = ..., overflow: TextOverflow = ..., softWrap: Boolean = ..., maxLines: Int = ..., minLines: Int = ..., onTextLayout: ((TextLayoutResult) -> Unit)? = ..., style: TextStyle = ...): Unit
e: file:///E:/OpoMelilla_2025/App_Futbol/app/app/src/main/java/com/opomelilla/futbol/ui/login/LoginViewModel.kt:40:30 Unresolved reference 'isSuccessful'.
e: file:///E:/OpoMelilla_2025/App_Futbol/app/app/src/main/java/com/opomelilla/futbol/ui/login/LoginViewModel.kt:40:55 Unresolved reference 'body'.
e: file:///E:/OpoMelilla_2025/App_Futbol/app/app/src/main/java/com/opomelilla/futbol/ui/login/LoginViewModel.kt:41:41 Unresolved reference 'body'.
e: file:///E:/OpoMelilla_2025/App_Futbol/app/app/src/main/java/com/opomelilla/futbol/ui/login/LoginViewModel.kt:42:64 Unresolved reference 'token'.
e: file:///E:/OpoMelilla_2025/App_Futbol/app/app/src/main/java/com/opomelilla/futbol/ui/login/LoginViewModel.kt:42:76 Unresolved reference 'user'.

FAILURE: Build failed with an exception.

* What went wrong:
Execution failed for task ':app:compileDebugKotlin'.
> A failure occurred while executing org.jetbrains.kotlin.compilerRunner.GradleCompilerRunnerWithWorkers$GradleKotlinCompilerWorkAction
   > Compilation error. See log for more details

* Try:
> Run with --stacktrace option to get the stack trace.
> Run with --info or --debug option to get more log output.
> Run with --scan to get full insights.
> Get more help at https://help.gradle.org.

BUILD FAILED in 4s
31 actionable tasks: 1 executed, 30 up-to-date
